// Jest Snapshot v1, https://goo.gl/fbAQLP

exports[`Should correctly render login page 1`] = `
<div>
  <p>
     Login Page
  </p>
  <button>
     Login
  </button>
</div>
`;
